
> png-browser-frontend@0.1.0 dev
> vite --host 127.0.0.1 --port 5173


  [32m[1mVITE[22m v5.4.21[39m  [2mready in [0m[1m1747[22m[2m[0m ms[22m

  [32m➜[39m  [1mLocal[22m:   [36mhttp://127.0.0.1:[1m5173[22m/[39m
[2m[32m  ➜[39m[22m[2m  press [22m[1mh + enter[22m[2m to show help[22m
[2mPM 8:12:00[22m [36m[1m[vite][22m[39m [32mhmr update [39m[2m/@fs/C:/Users/doyoungjang/PycharmProjects/medical_Image_management_web/frontend/src/components/MetadataTable.tsx[22m
[2mPM 8:12:00[22m [36m[1m[vite][22m[39m [32mhmr update [39m[2m/@fs/C:/Users/doyoungjang/PycharmProjects/medical_Image_management_web/frontend/src/components/MetadataTable.tsx[22m
[2mPM 7:32:28[22m [36m[1m[vite][22m[39m [32mhmr update [39m[2m/@fs/C:/Users/doyoungjang/PycharmProjects/medical_Image_management_web/frontend/src/components/AuthGate.tsx[22m
[2mPM 7:32:28[22m [36m[1m[vite][22m[39m [32mhmr update [39m[2m/@fs/C:/Users/doyoungjang/PycharmProjects/medical_Image_management_web/frontend/src/components/AuthGate.tsx[22m
[2mPM 7:32:45[22m [36m[1m[vite][22m[39m [32mhmr update [39m[2m/@fs/C:/Users/doyoungjang/PycharmProjects/medical_Image_management_web/frontend/src/App.tsx, /@fs/C:/Users/doyoungjang/PycharmProjects/medical_Image_management_web/frontend/src/components/ImageDetailDrawer.tsx, /@fs/C:/Users/doyoungjang/PycharmProjects/medical_Image_management_web/frontend/src/components/ImageGrid.tsx[22m
[2mPM 7:32:52[22m [36m[1m[vite][22m[39m [32mhmr update [39m[2m/@fs/C:/Users/doyoungjang/PycharmProjects/medical_Image_management_web/frontend/src/App.tsx[22m
[2mPM 7:33:01[22m [36m[1m[vite][22m[39m [32mhmr update [39m[2m/@fs/C:/Users/doyoungjang/PycharmProjects/medical_Image_management_web/frontend/src/App.tsx[22m
[2mPM 7:33:07[22m [36m[1m[vite][22m[39m [32mhmr update [39m[2m/@fs/C:/Users/doyoungjang/PycharmProjects/medical_Image_management_web/frontend/src/App.tsx[22m
[2mPM 7:33:24[22m [36m[1m[vite][22m[39m [32mhmr update [39m[2m/@fs/C:/Users/doyoungjang/PycharmProjects/medical_Image_management_web/frontend/src/App.tsx[22m
[2mPM 7:33:33[22m [36m[1m[vite][22m[39m [32mhmr update [39m[2m/@fs/C:/Users/doyoungjang/PycharmProjects/medical_Image_management_web/frontend/src/App.tsx[22m
[2mPM 7:34:06[22m [36m[1m[vite][22m[39m [32mhmr update [39m[2m/@fs/C:/Users/doyoungjang/PycharmProjects/medical_Image_management_web/frontend/src/App.tsx[22m
[2mPM 7:34:20[22m [36m[1m[vite][22m[39m [32mhmr update [39m[2m/@fs/C:/Users/doyoungjang/PycharmProjects/medical_Image_management_web/frontend/src/App.tsx[22m
[2mPM 7:34:27[22m [36m[1m[vite][22m[39m [32mhmr update [39m[2m/@fs/C:/Users/doyoungjang/PycharmProjects/medical_Image_management_web/frontend/src/App.tsx[22m
[2mPM 7:34:55[22m [36m[1m[vite][22m[39m [32mhmr update [39m[2m/@fs/C:/Users/doyoungjang/PycharmProjects/medical_Image_management_web/frontend/src/components/AdminPage.tsx[22m
[2mPM 7:35:02[22m [36m[1m[vite][22m[39m [32mhmr update [39m[2m/@fs/C:/Users/doyoungjang/PycharmProjects/medical_Image_management_web/frontend/src/components/AdminPage.tsx[22m
[2mPM 7:35:07[22m [36m[1m[vite][22m[39m [32mhmr update [39m[2m/@fs/C:/Users/doyoungjang/PycharmProjects/medical_Image_management_web/frontend/src/components/AdminPage.tsx[22m
[2mPM 7:35:15[22m [36m[1m[vite][22m[39m [32mhmr update [39m[2m/@fs/C:/Users/doyoungjang/PycharmProjects/medical_Image_management_web/frontend/src/components/AdminPage.tsx[22m
[2mPM 7:35:21[22m [36m[1m[vite][22m[39m [32mhmr update [39m[2m/@fs/C:/Users/doyoungjang/PycharmProjects/medical_Image_management_web/frontend/src/components/AdminPage.tsx[22m
[2mPM 7:36:08[22m [36m[1m[vite][22m[39m [32mhmr update [39m[2m/@fs/C:/Users/doyoungjang/PycharmProjects/medical_Image_management_web/frontend/src/components/AdminPage.tsx[22m
[2mPM 7:36:21[22m [36m[1m[vite][22m[39m [32mhmr update [39m[2m/@fs/C:/Users/doyoungjang/PycharmProjects/medical_Image_management_web/frontend/src/styles.css[22m
[2mPM 7:36:28[22m [36m[1m[vite][22m[39m [32mhmr update [39m[2m/@fs/C:/Users/doyoungjang/PycharmProjects/medical_Image_management_web/frontend/src/styles.css[22m
[2mPM 7:36:33[22m [36m[1m[vite][22m[39m [32mhmr update [39m[2m/@fs/C:/Users/doyoungjang/PycharmProjects/medical_Image_management_web/frontend/src/styles.css[22m
[2mPM 8:11:42[22m [36m[1m[vite][22m[39m [32mhmr update [39m[2m/@fs/C:/Users/doyoungjang/PycharmProjects/medical_Image_management_web/frontend/src/App.tsx[22m
[2mPM 8:17:25[22m [36m[1m[vite][22m[39m [32mhmr update [39m[2m/@fs/C:/Users/doyoungjang/PycharmProjects/medical_Image_management_web/frontend/src/components/AdminPage.tsx[22m
[2mPM 9:23:10[22m [36m[1m[vite][22m[39m [32mhmr update [39m[2m/@fs/C:/Users/doyoungjang/PycharmProjects/medical_Image_management_web/frontend/src/App.tsx, /@fs/C:/Users/doyoungjang/PycharmProjects/medical_Image_management_web/frontend/src/components/ImageDetailDrawer.tsx, /@fs/C:/Users/doyoungjang/PycharmProjects/medical_Image_management_web/frontend/src/components/ImageGrid.tsx, /@fs/C:/Users/doyoungjang/PycharmProjects/medical_Image_management_web/frontend/src/components/SearchBar.tsx, /@fs/C:/Users/doyoungjang/PycharmProjects/medical_Image_management_web/frontend/src/components/AdminPage.tsx[22m
[2mPM 9:23:10[22m [36m[1m[vite][22m[39m [32mhmr update [39m[2m/@fs/C:/Users/doyoungjang/PycharmProjects/medical_Image_management_web/frontend/src/App.tsx, /@fs/C:/Users/doyoungjang/PycharmProjects/medical_Image_management_web/frontend/src/components/ImageDetailDrawer.tsx, /@fs/C:/Users/doyoungjang/PycharmProjects/medical_Image_management_web/frontend/src/components/ImageGrid.tsx, /@fs/C:/Users/doyoungjang/PycharmProjects/medical_Image_management_web/frontend/src/components/SearchBar.tsx, /@fs/C:/Users/doyoungjang/PycharmProjects/medical_Image_management_web/frontend/src/components/AdminPage.tsx[22m
[2mPM 9:23:15[22m [36m[1m[vite][22m[39m [32mhmr update [39m[2m/@fs/C:/Users/doyoungjang/PycharmProjects/medical_Image_management_web/frontend/src/App.tsx, /@fs/C:/Users/doyoungjang/PycharmProjects/medical_Image_management_web/frontend/src/components/ImageDetailDrawer.tsx, /@fs/C:/Users/doyoungjang/PycharmProjects/medical_Image_management_web/frontend/src/components/ImageGrid.tsx[22m
[2mPM 9:31:17[22m [36m[1m[vite][22m[39m [32mhmr update [39m[2m/@fs/C:/Users/doyoungjang/PycharmProjects/medical_Image_management_web/frontend/src/components/AuthGate.tsx[22m
[2mPM 9:31:22[22m [36m[1m[vite][22m[39m [32mhmr update [39m[2m/@fs/C:/Users/doyoungjang/PycharmProjects/medical_Image_management_web/frontend/src/App.tsx, /@fs/C:/Users/doyoungjang/PycharmProjects/medical_Image_management_web/frontend/src/components/ImageDetailDrawer.tsx, /@fs/C:/Users/doyoungjang/PycharmProjects/medical_Image_management_web/frontend/src/components/ImageGrid.tsx, /@fs/C:/Users/doyoungjang/PycharmProjects/medical_Image_management_web/frontend/src/components/SearchBar.tsx, /@fs/C:/Users/doyoungjang/PycharmProjects/medical_Image_management_web/frontend/src/components/AdminPage.tsx[22m
[2mPM 9:36:59[22m [36m[1m[vite][22m[39m [32mhmr update [39m[2m/@fs/C:/Users/doyoungjang/PycharmProjects/medical_Image_management_web/frontend/src/App.tsx[22m
